// Vitest Snapshot v1, https://vitest.dev/guide/snapshot.html

exports[`Correct Footer snapshot 1`] = `
<body>
  <div>
    <div
      class="MuiPaper-root MuiPaper-elevation MuiPaper-rounded MuiPaper-elevation1 css-1ps6pg7-MuiPaper-root"
    >
      <div
        class="MuiStack-root css-1eoeowx-MuiStack-root"
      >
        <div
          class="MuiStack-root css-kdc3n8-MuiStack-root"
        >
          <a
            class="MuiTypography-root MuiTypography-inherit MuiLink-root MuiLink-underlineAlways css-1xylxj1-MuiTypography-root-MuiLink-root"
            href="https://github.com/Alyona8891"
          >
            <span
              class="MuiBadge-root css-1arcc7-MuiBadge-root"
            >
              <div
                class="MuiAvatar-root MuiAvatar-rounded css-12bapnq-MuiAvatar-root"
              >
                <img
                  alt="Alyona's avatar"
                  class="MuiAvatar-img css-1pqm26d-MuiAvatar-img"
                  src="https://avatars.githubusercontent.com/u/79936182?v=4"
                />
              </div>
              <span
                class="MuiBadge-badge MuiBadge-dot MuiBadge-anchorOriginBottomRight MuiBadge-anchorOriginBottomRightCircular MuiBadge-overlapCircular css-s1rlol-MuiBadge-badge"
              />
            </span>
          </a>
          <a
            class="MuiTypography-root MuiTypography-inherit MuiLink-root MuiLink-underlineAlways css-1xylxj1-MuiTypography-root-MuiLink-root"
            href="https://github.com/Lev1ossa"
          >
            <span
              class="MuiBadge-root css-1arcc7-MuiBadge-root"
            >
              <div
                class="MuiAvatar-root MuiAvatar-rounded css-12bapnq-MuiAvatar-root"
              >
                <img
                  alt="Alexandr's avatar"
                  class="MuiAvatar-img css-1pqm26d-MuiAvatar-img"
                  src="https://avatars.githubusercontent.com/u/104268412?v=4"
                />
              </div>
              <span
                class="MuiBadge-badge MuiBadge-dot MuiBadge-anchorOriginBottomRight MuiBadge-anchorOriginBottomRightCircular MuiBadge-overlapCircular css-s1rlol-MuiBadge-badge"
              />
            </span>
          </a>
          <a
            class="MuiTypography-root MuiTypography-inherit MuiLink-root MuiLink-underlineAlways css-1xylxj1-MuiTypography-root-MuiLink-root"
            href="https://github.com/lazy-goose"
          >
            <span
              class="MuiBadge-root css-3jxqn3-MuiBadge-root"
            >
              <div
                class="MuiAvatar-root MuiAvatar-rounded css-12bapnq-MuiAvatar-root"
              >
                <img
                  alt="Maksim's avatar"
                  class="MuiAvatar-img css-1pqm26d-MuiAvatar-img"
                  src="https://avatars.githubusercontent.com/u/119844669?v=4"
                />
              </div>
              <span
                class="MuiBadge-badge MuiBadge-dot MuiBadge-anchorOriginBottomRight MuiBadge-anchorOriginBottomRightCircular MuiBadge-overlapCircular css-s1rlol-MuiBadge-badge"
              />
            </span>
          </a>
        </div>
        <a
          class="MuiTypography-root MuiTypography-inherit MuiLink-root MuiLink-underlineAlways css-uwx3rb-MuiTypography-root-MuiLink-root"
          href="https://rs.school/react"
        >
          <time
            class="MuiBox-root css-1h14jth"
          >
            2024
          </time>
          <div
            class="MuiBox-root css-psrz38"
          >
            <span>
              RS
            </span>
            <span>
              SC HO OL
            </span>
          </div>
        </a>
      </div>
    </div>
  </div>
</body>
`;
