// Vitest Snapshot v1, https://vitest.dev/guide/snapshot.html

exports[`Correct PasswordStrength snapshot 1`] = `
<body>
  <div>
    <div
      class="MuiBox-root css-mro3c9"
    >
      <p
        class="MuiFormHelperText-root css-1d1r5q-MuiFormHelperText-root"
      >
        Strong password contains at least
         
        <span
          class="MuiBox-root css-0"
        >
          <span
            class="MuiBox-root css-lhj5ms"
          >
            8 characters
          </span>
          , 
          <span
            class="MuiBox-root css-q2y3yl"
          >
            uppercase letter
          </span>
          , 
          <span
            class="MuiBox-root css-q2y3yl"
          >
            lowercase letter
          </span>
          , 
          <span
            class="MuiBox-root css-q2y3yl"
          >
            one digit
          </span>
          , 
          <span
            class="MuiBox-root css-q2y3yl"
          >
            one special character
          </span>
        </span>
        <span
          class="MuiStack-root css-1g7v78n-MuiStack-root"
        >
          <span
            class="MuiBox-root css-1dqsri6"
          />
          <span
            class="MuiBox-root css-1dqsri6"
          />
          <span
            class="MuiBox-root css-1dqsri6"
          />
          <span
            class="MuiBox-root css-1dqsri6"
          />
          <span
            class="MuiBox-root css-1dqsri6"
          />
          <span
            class="MuiBox-root css-1f5qj6m"
          />
        </span>
      </p>
    </div>
  </div>
</body>
`;
