// Vitest Snapshot v1, https://vitest.dev/guide/snapshot.html

exports[`Correct TeammateCard snapshot 1`] = `
<body>
  <div>
    <div
      class="MuiBox-root css-12j23xu"
    >
      <div
        class="MuiPaper-root MuiPaper-outlined MuiPaper-rounded MuiCard-root css-1v5z4dq-MuiPaper-root-MuiCard-root"
      >
        <div
          class="MuiCardContent-root css-2qo04z-MuiCardContent-root"
        >
          <div
            class="MuiAvatar-root MuiAvatar-square MuiAvatar-colorDefault css-1tdbbe7-MuiAvatar-root"
          >
            <svg
              aria-hidden="true"
              class="MuiSvgIcon-root MuiSvgIcon-fontSizeMedium MuiAvatar-fallback css-10mi8st-MuiSvgIcon-root-MuiAvatar-fallback"
              data-testid="PersonIcon"
              focusable="false"
              viewBox="0 0 24 24"
            >
              <path
                d="M12 12c2.21 0 4-1.79 4-4s-1.79-4-4-4-4 1.79-4 4 1.79 4 4 4zm0 2c-2.67 0-8 1.34-8 4v2h16v-2c0-2.66-5.33-4-8-4z"
              />
            </svg>
          </div>
          <a
            class="MuiTypography-root MuiTypography-h5 MuiLink-root MuiLink-underlineAlways css-1qknii2-MuiTypography-root-MuiLink-root"
            href=""
          >
            Alena Shupianiova
          </a>
          <ul
            class="MuiList-root MuiList-padding css-h4y409-MuiList-root"
          >
            <li
              class="MuiListItem-root MuiListItem-gutters MuiListItem-padding css-ykqd4v-MuiListItem-root"
            >
              <div
                class="MuiListItemIcon-root css-nx5xxp-MuiListItemIcon-root"
              >
                <svg
                  aria-hidden="true"
                  class="MuiSvgIcon-root MuiSvgIcon-fontSizeMedium css-a86kit-MuiSvgIcon-root"
                  data-testid="StarRateIcon"
                  focusable="false"
                  viewBox="0 0 24 24"
                >
                  <path
                    d="M14.43 10 12 2l-2.43 8H2l6.18 4.41L5.83 22 12 17.31 18.18 22l-2.35-7.59L22 10z"
                  />
                </svg>
              </div>
              <div
                class="MuiListItemText-root css-1r46kq0-MuiListItemText-root"
              >
                <span
                  class="MuiTypography-root MuiTypography-body1 MuiListItemText-primary css-10hburv-MuiTypography-root"
                >
                  Authentication
                </span>
              </div>
            </li>
            <li
              class="MuiListItem-root MuiListItem-gutters MuiListItem-padding css-ykqd4v-MuiListItem-root"
            >
              <div
                class="MuiListItemIcon-root css-nx5xxp-MuiListItemIcon-root"
              >
                <svg
                  aria-hidden="true"
                  class="MuiSvgIcon-root MuiSvgIcon-fontSizeMedium css-a86kit-MuiSvgIcon-root"
                  data-testid="StarRateIcon"
                  focusable="false"
                  viewBox="0 0 24 24"
                >
                  <path
                    d="M14.43 10 12 2l-2.43 8H2l6.18 4.41L5.83 22 12 17.31 18.18 22l-2.35-7.59L22 10z"
                  />
                </svg>
              </div>
              <div
                class="MuiListItemText-root css-1r46kq0-MuiListItemText-root"
              >
                <span
                  class="MuiTypography-root MuiTypography-body1 MuiListItemText-primary css-10hburv-MuiTypography-root"
                >
                  Welcome page
                </span>
              </div>
            </li>
          </ul>
        </div>
        <div
          class="MuiCardActions-root MuiCardActions-spacing css-1dzk3iw-MuiCardActions-root"
        >
          <a
            class="MuiTypography-root MuiTypography-inherit MuiLink-root MuiLink-underlineAlways css-hz29hw-MuiTypography-root-MuiLink-root"
            href=""
          >
            <svg
              fill="currentColor"
              height="26"
              width="25"
              xmlns="http://www.w3.org/2000/svg"
            >
              <g
                clip-path="url(#a)"
              >
                <path
                  d="M23.875 13c0 6.282-5.093 11.375-11.375 11.375S1.125 19.282 1.125 13 6.218 1.625 12.5 1.625 23.875 6.718 23.875 13Z"
                  fill="#fff"
                  stroke="currentColor"
                  stroke-width="2.25"
                />
                <path
                  d="m8.488 14.06-3.05-.994s-.365-.148-.248-.483c.024-.07.073-.128.219-.23.676-.47 12.511-4.724 12.511-4.724s.334-.113.531-.038a.288.288 0 0 1 .197.214c.021.088.03.179.026.27 0 .078-.01.15-.017.264-.073 1.163-2.23 9.843-2.23 9.843s-.129.508-.591.526a.847.847 0 0 1-.617-.24c-.908-.78-4.044-2.887-4.737-3.35a.134.134 0 0 1-.057-.095c-.01-.048.044-.11.044-.11s5.46-4.853 5.606-5.363c.011-.04-.031-.059-.088-.041-.363.133-6.65 4.104-7.345 4.542a.335.335 0 0 1-.154.01Z"
                  fill="currentColor"
                />
              </g>
              <defs>
                <clippath
                  id="a"
                >
                  <path
                    d="M0 .5h25v25H0z"
                    fill="currentColor"
                  />
                </clippath>
              </defs>
            </svg>
          </a>
          <a
            class="MuiTypography-root MuiTypography-inherit MuiLink-root MuiLink-underlineAlways css-hz29hw-MuiTypography-root-MuiLink-root"
            href=""
          >
            <svg
              fill="currentColor"
              height="24"
              width="25"
              xmlns="http://www.w3.org/2000/svg"
            >
              <g
                clip-path="url(#a)"
              >
                <path
                  clip-rule="evenodd"
                  d="M12.463 0C5.57 0 0 5.5 0 12.304c0 5.44 3.57 10.043 8.522 11.673.619.122.846-.265.846-.59 0-.286-.02-1.264-.02-2.282-3.468.733-4.19-1.467-4.19-1.467-.557-1.426-1.382-1.793-1.382-1.793-1.135-.753.082-.753.082-.753 1.26.081 1.92 1.263 1.92 1.263 1.114 1.873 2.909 1.344 3.63 1.018.104-.795.434-1.345.785-1.65-2.765-.285-5.674-1.345-5.674-6.07 0-1.345.495-2.445 1.279-3.3-.124-.306-.557-1.57.124-3.26 0 0 1.052-.326 3.425 1.263a12.212 12.212 0 0 1 3.116-.408c1.052 0 2.125.143 3.115.408 2.373-1.59 3.426-1.263 3.426-1.263.68 1.69.247 2.954.123 3.26.805.855 1.28 1.955 1.28 3.3 0 4.725-2.91 5.764-5.695 6.07.454.387.846 1.12.846 2.282 0 1.65-.02 2.974-.02 3.381 0 .326.226.713.845.591 4.952-1.63 8.522-6.234 8.522-11.673C24.925 5.5 19.334 0 12.463 0Z"
                  fill="currentColor"
                  fill-rule="evenodd"
                />
              </g>
              <defs>
                <clippath
                  id="a"
                >
                  <path
                    d="M0 0h25v24H0z"
                    fill="currentColor"
                  />
                </clippath>
              </defs>
            </svg>
          </a>
        </div>
      </div>
    </div>
  </div>
</body>
`;
